2026-05-09 00:52:37,319 - INFO - SELECT DATABASE()
2026-05-09 00:52:37,319 - INFO - [raw sql] {}
2026-05-09 00:52:37,320 - INFO - SELECT @@sql_mode
2026-05-09 00:52:37,321 - INFO - [raw sql] {}
2026-05-09 00:52:37,321 - INFO - SELECT @@lower_case_table_names
2026-05-09 00:52:37,321 - INFO - [raw sql] {}
2026-05-09 00:52:37,322 - INFO - BEGIN (implicit)
2026-05-09 00:52:37,322 - INFO - DESCRIBE `blog_system_db`.`users`
2026-05-09 00:52:37,322 - INFO - [raw sql] {}
2026-05-09 00:52:37,332 - INFO - DESCRIBE `blog_system_db`.`posts`
2026-05-09 00:52:37,332 - INFO - [raw sql] {}
2026-05-09 00:52:37,336 - INFO - DESCRIBE `blog_system_db`.`comments`
2026-05-09 00:52:37,336 - INFO - [raw sql] {}
2026-05-09 00:52:37,340 - INFO - COMMIT
2026-05-09 00:52:41,561 - INFO - SELECT DATABASE()
2026-05-09 00:52:41,561 - INFO - [raw sql] {}
2026-05-09 00:52:41,562 - INFO - SELECT @@sql_mode
2026-05-09 00:52:41,562 - INFO - [raw sql] {}
2026-05-09 00:52:41,563 - INFO - SELECT @@lower_case_table_names
2026-05-09 00:52:41,563 - INFO - [raw sql] {}
2026-05-09 00:52:41,563 - INFO - BEGIN (implicit)
2026-05-09 00:52:41,564 - INFO - DESCRIBE `blog_system_db`.`users`
2026-05-09 00:52:41,564 - INFO - [raw sql] {}
2026-05-09 00:52:41,578 - INFO - DESCRIBE `blog_system_db`.`posts`
2026-05-09 00:52:41,578 - INFO - [raw sql] {}
2026-05-09 00:52:41,581 - INFO - DESCRIBE `blog_system_db`.`comments`
2026-05-09 00:52:41,582 - INFO - [raw sql] {}
2026-05-09 00:52:41,584 - INFO - COMMIT
2026-05-09 00:53:11,687 - INFO - SELECT DATABASE()
2026-05-09 00:53:11,688 - INFO - [raw sql] {}
2026-05-09 00:53:11,689 - INFO - SELECT @@sql_mode
2026-05-09 00:53:11,689 - INFO - [raw sql] {}
2026-05-09 00:53:11,690 - INFO - SELECT @@lower_case_table_names
2026-05-09 00:53:11,690 - INFO - [raw sql] {}
2026-05-09 00:53:11,690 - INFO - BEGIN (implicit)
2026-05-09 00:53:11,690 - INFO - DESCRIBE `blog_system_db`.`users`
2026-05-09 00:53:11,691 - INFO - [raw sql] {}
2026-05-09 00:53:11,704 - INFO - DESCRIBE `blog_system_db`.`posts`
2026-05-09 00:53:11,704 - INFO - [raw sql] {}
2026-05-09 00:53:11,709 - INFO - DESCRIBE `blog_system_db`.`comments`
2026-05-09 00:53:11,709 - INFO - [raw sql] {}
2026-05-09 00:53:11,713 - INFO - COMMIT
2026-05-09 00:53:45,261 - INFO - SELECT DATABASE()
2026-05-09 00:53:45,261 - INFO - [raw sql] {}
2026-05-09 00:53:45,262 - INFO - SELECT @@sql_mode
2026-05-09 00:53:45,262 - INFO - [raw sql] {}
2026-05-09 00:53:45,263 - INFO - SELECT @@lower_case_table_names
2026-05-09 00:53:45,263 - INFO - [raw sql] {}
2026-05-09 00:53:45,264 - INFO - BEGIN (implicit)
2026-05-09 00:53:45,264 - INFO - DESCRIBE `blog_system_db`.`users`
2026-05-09 00:53:45,264 - INFO - [raw sql] {}
2026-05-09 00:53:45,278 - INFO - DESCRIBE `blog_system_db`.`posts`
2026-05-09 00:53:45,278 - INFO - [raw sql] {}
2026-05-09 00:53:45,281 - INFO - DESCRIBE `blog_system_db`.`comments`
2026-05-09 00:53:45,281 - INFO - [raw sql] {}
2026-05-09 00:53:45,285 - INFO - COMMIT
2026-05-09 00:53:46,895 - INFO - SELECT DATABASE()
2026-05-09 00:53:46,896 - INFO - [raw sql] {}
2026-05-09 00:53:46,896 - INFO - SELECT @@sql_mode
2026-05-09 00:53:46,897 - INFO - [raw sql] {}
2026-05-09 00:53:46,897 - INFO - SELECT @@lower_case_table_names
2026-05-09 00:53:46,897 - INFO - [raw sql] {}
2026-05-09 00:53:46,898 - INFO - BEGIN (implicit)
2026-05-09 00:53:46,898 - INFO - DESCRIBE `blog_system_db`.`users`
2026-05-09 00:53:46,899 - INFO - [raw sql] {}
2026-05-09 00:53:46,911 - INFO - DESCRIBE `blog_system_db`.`posts`
2026-05-09 00:53:46,912 - INFO - [raw sql] {}
2026-05-09 00:53:46,916 - INFO - DESCRIBE `blog_system_db`.`comments`
2026-05-09 00:53:46,916 - INFO - [raw sql] {}
2026-05-09 00:53:46,919 - INFO - COMMIT
2026-05-09 00:54:34,451 - INFO - SELECT DATABASE()
2026-05-09 00:54:34,451 - INFO - [raw sql] {}
2026-05-09 00:54:34,452 - INFO - SELECT @@sql_mode
2026-05-09 00:54:34,452 - INFO - [raw sql] {}
2026-05-09 00:54:34,453 - INFO - SELECT @@lower_case_table_names
2026-05-09 00:54:34,453 - INFO - [raw sql] {}
2026-05-09 00:54:34,454 - INFO - BEGIN (implicit)
2026-05-09 00:54:34,454 - INFO - DESCRIBE `blog_system_db`.`users`
2026-05-09 00:54:34,454 - INFO - [raw sql] {}
2026-05-09 00:54:34,463 - INFO - DESCRIBE `blog_system_db`.`posts`
2026-05-09 00:54:34,463 - INFO - [raw sql] {}
2026-05-09 00:54:34,467 - INFO - DESCRIBE `blog_system_db`.`comments`
2026-05-09 00:54:34,467 - INFO - [raw sql] {}
2026-05-09 00:54:34,470 - INFO - COMMIT
2026-05-09 00:56:14,740 - INFO - SELECT DATABASE()
2026-05-09 00:56:14,740 - INFO - [raw sql] {}
2026-05-09 00:56:14,741 - INFO - SELECT @@sql_mode
2026-05-09 00:56:14,741 - INFO - [raw sql] {}
2026-05-09 00:56:14,741 - INFO - SELECT @@lower_case_table_names
2026-05-09 00:56:14,742 - INFO - [raw sql] {}
2026-05-09 00:56:14,742 - INFO - BEGIN (implicit)
2026-05-09 00:56:14,743 - INFO - DESCRIBE `blog_system_db`.`users`
2026-05-09 00:56:14,743 - INFO - [raw sql] {}
2026-05-09 00:56:14,757 - INFO - DESCRIBE `blog_system_db`.`posts`
2026-05-09 00:56:14,758 - INFO - [raw sql] {}
2026-05-09 00:56:14,762 - INFO - DESCRIBE `blog_system_db`.`comments`
2026-05-09 00:56:14,762 - INFO - [raw sql] {}
2026-05-09 00:56:14,765 - INFO - COMMIT
2026-05-09 00:56:16,365 - INFO - SELECT DATABASE()
2026-05-09 00:56:16,366 - INFO - [raw sql] {}
2026-05-09 00:56:16,367 - INFO - SELECT @@sql_mode
2026-05-09 00:56:16,367 - INFO - [raw sql] {}
2026-05-09 00:56:16,367 - INFO - SELECT @@lower_case_table_names
2026-05-09 00:56:16,368 - INFO - [raw sql] {}
2026-05-09 00:56:16,368 - INFO - BEGIN (implicit)
2026-05-09 00:56:16,369 - INFO - DESCRIBE `blog_system_db`.`users`
2026-05-09 00:56:16,369 - INFO - [raw sql] {}
2026-05-09 00:56:16,379 - INFO - DESCRIBE `blog_system_db`.`posts`
2026-05-09 00:56:16,380 - INFO - [raw sql] {}
2026-05-09 00:56:16,383 - INFO - DESCRIBE `blog_system_db`.`comments`
2026-05-09 00:56:16,383 - INFO - [raw sql] {}
2026-05-09 00:56:16,386 - INFO - COMMIT
2026-05-09 00:58:00,761 - INFO - SELECT DATABASE()
2026-05-09 00:58:00,761 - INFO - [raw sql] {}
2026-05-09 00:58:00,762 - INFO - SELECT @@sql_mode
2026-05-09 00:58:00,762 - INFO - [raw sql] {}
2026-05-09 00:58:00,763 - INFO - SELECT @@lower_case_table_names
2026-05-09 00:58:00,764 - INFO - [raw sql] {}
2026-05-09 00:58:00,764 - INFO - BEGIN (implicit)
2026-05-09 00:58:00,765 - INFO - DESCRIBE `blog_system_db`.`users`
2026-05-09 00:58:00,765 - INFO - [raw sql] {}
2026-05-09 00:58:00,778 - INFO - DESCRIBE `blog_system_db`.`posts`
2026-05-09 00:58:00,778 - INFO - [raw sql] {}
2026-05-09 00:58:00,782 - INFO - DESCRIBE `blog_system_db`.`comments`
2026-05-09 00:58:00,782 - INFO - [raw sql] {}
2026-05-09 00:58:00,786 - INFO - COMMIT
2026-05-09 00:59:20,618 - INFO - SELECT DATABASE()
2026-05-09 00:59:20,619 - INFO - [raw sql] {}
2026-05-09 00:59:20,619 - INFO - SELECT @@sql_mode
2026-05-09 00:59:20,619 - INFO - [raw sql] {}
2026-05-09 00:59:20,620 - INFO - SELECT @@lower_case_table_names
2026-05-09 00:59:20,620 - INFO - [raw sql] {}
2026-05-09 00:59:20,621 - INFO - BEGIN (implicit)
2026-05-09 00:59:20,621 - INFO - DESCRIBE `blog_system_db`.`users`
2026-05-09 00:59:20,621 - INFO - [raw sql] {}
2026-05-09 00:59:20,635 - INFO - DESCRIBE `blog_system_db`.`posts`
2026-05-09 00:59:20,635 - INFO - [raw sql] {}
2026-05-09 00:59:20,639 - INFO - DESCRIBE `blog_system_db`.`comments`
2026-05-09 00:59:20,639 - INFO - [raw sql] {}
2026-05-09 00:59:20,642 - INFO - COMMIT
2026-05-09 00:59:22,239 - INFO - SELECT DATABASE()
2026-05-09 00:59:22,241 - INFO - [raw sql] {}
2026-05-09 00:59:22,242 - INFO - SELECT @@sql_mode
2026-05-09 00:59:22,242 - INFO - [raw sql] {}
2026-05-09 00:59:22,242 - INFO - SELECT @@lower_case_table_names
2026-05-09 00:59:22,243 - INFO - [raw sql] {}
2026-05-09 00:59:22,243 - INFO - BEGIN (implicit)
2026-05-09 00:59:22,244 - INFO - DESCRIBE `blog_system_db`.`users`
2026-05-09 00:59:22,244 - INFO - [raw sql] {}
2026-05-09 00:59:22,259 - INFO - DESCRIBE `blog_system_db`.`posts`
2026-05-09 00:59:22,260 - INFO - [raw sql] {}
2026-05-09 00:59:22,263 - INFO - DESCRIBE `blog_system_db`.`comments`
2026-05-09 00:59:22,263 - INFO - [raw sql] {}
2026-05-09 00:59:22,267 - INFO - COMMIT
2026-05-09 00:59:58,964 - INFO - SELECT DATABASE()
2026-05-09 00:59:58,964 - INFO - [raw sql] {}
2026-05-09 00:59:58,965 - INFO - SELECT @@sql_mode
2026-05-09 00:59:58,965 - INFO - [raw sql] {}
2026-05-09 00:59:58,965 - INFO - SELECT @@lower_case_table_names
2026-05-09 00:59:58,966 - INFO - [raw sql] {}
2026-05-09 00:59:58,966 - INFO - BEGIN (implicit)
2026-05-09 00:59:58,967 - INFO - DESCRIBE `blog_system_db`.`users`
2026-05-09 00:59:58,967 - INFO - [raw sql] {}
2026-05-09 00:59:58,976 - INFO - DESCRIBE `blog_system_db`.`posts`
2026-05-09 00:59:58,978 - INFO - [raw sql] {}
2026-05-09 00:59:58,981 - INFO - DESCRIBE `blog_system_db`.`comments`
2026-05-09 00:59:58,981 - INFO - [raw sql] {}
2026-05-09 00:59:58,984 - INFO - COMMIT
2026-05-09 01:02:33,539 - INFO - SELECT DATABASE()
2026-05-09 01:02:33,540 - INFO - [raw sql] {}
2026-05-09 01:02:33,541 - INFO - SELECT @@sql_mode
2026-05-09 01:02:33,541 - INFO - [raw sql] {}
2026-05-09 01:02:33,541 - INFO - SELECT @@lower_case_table_names
2026-05-09 01:02:33,541 - INFO - [raw sql] {}
2026-05-09 01:02:33,542 - INFO - BEGIN (implicit)
2026-05-09 01:02:33,542 - INFO - DESCRIBE `blog_system_db`.`users`
2026-05-09 01:02:33,542 - INFO - [raw sql] {}
2026-05-09 01:02:33,557 - INFO - DESCRIBE `blog_system_db`.`posts`
2026-05-09 01:02:33,557 - INFO - [raw sql] {}
2026-05-09 01:02:33,561 - INFO - DESCRIBE `blog_system_db`.`comments`
2026-05-09 01:02:33,561 - INFO - [raw sql] {}
2026-05-09 01:02:33,565 - INFO - COMMIT
2026-05-09 01:02:36,969 - INFO - SELECT DATABASE()
2026-05-09 01:02:36,969 - INFO - [raw sql] {}
2026-05-09 01:02:36,970 - INFO - SELECT @@sql_mode
2026-05-09 01:02:36,970 - INFO - [raw sql] {}
2026-05-09 01:02:36,971 - INFO - SELECT @@lower_case_table_names
2026-05-09 01:02:36,971 - INFO - [raw sql] {}
2026-05-09 01:02:36,972 - INFO - BEGIN (implicit)
2026-05-09 01:02:36,972 - INFO - DESCRIBE `blog_system_db`.`users`
2026-05-09 01:02:36,972 - INFO - [raw sql] {}
2026-05-09 01:02:36,985 - INFO - DESCRIBE `blog_system_db`.`posts`
2026-05-09 01:02:36,985 - INFO - [raw sql] {}
2026-05-09 01:02:36,989 - INFO - DESCRIBE `blog_system_db`.`comments`
2026-05-09 01:02:36,989 - INFO - [raw sql] {}
2026-05-09 01:02:36,992 - INFO - COMMIT
2026-05-09 01:02:43,945 - INFO - SELECT DATABASE()
2026-05-09 01:02:43,945 - INFO - [raw sql] {}
2026-05-09 01:02:43,946 - INFO - SELECT @@sql_mode
2026-05-09 01:02:43,946 - INFO - [raw sql] {}
2026-05-09 01:02:43,947 - INFO - SELECT @@lower_case_table_names
2026-05-09 01:02:43,947 - INFO - [raw sql] {}
2026-05-09 01:02:43,948 - INFO - BEGIN (implicit)
2026-05-09 01:02:43,948 - INFO - DESCRIBE `blog_system_db`.`users`
2026-05-09 01:02:43,948 - INFO - [raw sql] {}
2026-05-09 01:02:43,965 - INFO - DESCRIBE `blog_system_db`.`posts`
2026-05-09 01:02:43,965 - INFO - [raw sql] {}
2026-05-09 01:02:43,970 - INFO - DESCRIBE `blog_system_db`.`comments`
2026-05-09 01:02:43,970 - INFO - [raw sql] {}
2026-05-09 01:02:43,975 - INFO - COMMIT
2026-05-09 01:03:00,145 - INFO - SELECT DATABASE()
2026-05-09 01:03:00,145 - INFO - [raw sql] {}
2026-05-09 01:03:00,146 - INFO - SELECT @@sql_mode
2026-05-09 01:03:00,146 - INFO - [raw sql] {}
2026-05-09 01:03:00,147 - INFO - SELECT @@lower_case_table_names
2026-05-09 01:03:00,147 - INFO - [raw sql] {}
2026-05-09 01:03:00,147 - INFO - BEGIN (implicit)
2026-05-09 01:03:00,148 - INFO - DESCRIBE `blog_system_db`.`users`
2026-05-09 01:03:00,148 - INFO - [raw sql] {}
2026-05-09 01:03:00,157 - INFO - DESCRIBE `blog_system_db`.`posts`
2026-05-09 01:03:00,157 - INFO - [raw sql] {}
2026-05-09 01:03:00,161 - INFO - DESCRIBE `blog_system_db`.`comments`
2026-05-09 01:03:00,162 - INFO - [raw sql] {}
2026-05-09 01:03:00,166 - INFO - COMMIT
2026-05-09 01:03:26,214 - INFO - SELECT DATABASE()
2026-05-09 01:03:26,214 - INFO - [raw sql] {}
2026-05-09 01:03:26,215 - INFO - SELECT @@sql_mode
2026-05-09 01:03:26,216 - INFO - [raw sql] {}
2026-05-09 01:03:26,216 - INFO - SELECT @@lower_case_table_names
2026-05-09 01:03:26,216 - INFO - [raw sql] {}
2026-05-09 01:03:26,217 - INFO - BEGIN (implicit)
2026-05-09 01:03:26,217 - INFO - DESCRIBE `blog_system_db`.`users`
2026-05-09 01:03:26,218 - INFO - [raw sql] {}
2026-05-09 01:03:26,237 - INFO - DESCRIBE `blog_system_db`.`posts`
2026-05-09 01:03:26,237 - INFO - [raw sql] {}
2026-05-09 01:03:26,242 - INFO - DESCRIBE `blog_system_db`.`comments`
2026-05-09 01:03:26,242 - INFO - [raw sql] {}
2026-05-09 01:03:26,248 - INFO - COMMIT
2026-05-09 01:04:52,807 - INFO - SELECT DATABASE()
2026-05-09 01:04:52,807 - INFO - [raw sql] {}
2026-05-09 01:04:52,808 - INFO - SELECT @@sql_mode
2026-05-09 01:04:52,808 - INFO - [raw sql] {}
2026-05-09 01:04:52,809 - INFO - SELECT @@lower_case_table_names
2026-05-09 01:04:52,809 - INFO - [raw sql] {}
2026-05-09 01:04:52,810 - INFO - BEGIN (implicit)
2026-05-09 01:04:52,810 - INFO - DESCRIBE `blog_system_db`.`users`
2026-05-09 01:04:52,810 - INFO - [raw sql] {}
2026-05-09 01:04:52,824 - INFO - DESCRIBE `blog_system_db`.`posts`
2026-05-09 01:04:52,825 - INFO - [raw sql] {}
2026-05-09 01:04:52,828 - INFO - DESCRIBE `blog_system_db`.`comments`
2026-05-09 01:04:52,828 - INFO - [raw sql] {}
2026-05-09 01:04:52,831 - INFO - COMMIT
2026-05-09 01:05:22,364 - INFO - SELECT DATABASE()
2026-05-09 01:05:22,365 - INFO - [raw sql] {}
2026-05-09 01:05:22,366 - INFO - SELECT @@sql_mode
2026-05-09 01:05:22,366 - INFO - [raw sql] {}
2026-05-09 01:05:22,366 - INFO - SELECT @@lower_case_table_names
2026-05-09 01:05:22,367 - INFO - [raw sql] {}
2026-05-09 01:05:22,367 - INFO - BEGIN (implicit)
2026-05-09 01:05:22,368 - INFO - DESCRIBE `blog_system_db`.`users`
2026-05-09 01:05:22,368 - INFO - [raw sql] {}
2026-05-09 01:05:22,376 - INFO - DESCRIBE `blog_system_db`.`posts`
2026-05-09 01:05:22,377 - INFO - [raw sql] {}
2026-05-09 01:05:22,380 - INFO - DESCRIBE `blog_system_db`.`comments`
2026-05-09 01:05:22,380 - INFO - [raw sql] {}
2026-05-09 01:05:22,383 - INFO - COMMIT
2026-05-09 01:05:37,275 - INFO - SELECT DATABASE()
2026-05-09 01:05:37,276 - INFO - [raw sql] {}
2026-05-09 01:05:37,277 - INFO - SELECT @@sql_mode
2026-05-09 01:05:37,277 - INFO - [raw sql] {}
2026-05-09 01:05:37,278 - INFO - SELECT @@lower_case_table_names
2026-05-09 01:05:37,278 - INFO - [raw sql] {}
2026-05-09 01:05:37,279 - INFO - BEGIN (implicit)
2026-05-09 01:05:37,279 - INFO - DESCRIBE `blog_system_db`.`users`
2026-05-09 01:05:37,279 - INFO - [raw sql] {}
2026-05-09 01:05:37,287 - INFO - DESCRIBE `blog_system_db`.`posts`
2026-05-09 01:05:37,287 - INFO - [raw sql] {}
2026-05-09 01:05:37,291 - INFO - DESCRIBE `blog_system_db`.`comments`
2026-05-09 01:05:37,291 - INFO - [raw sql] {}
2026-05-09 01:05:37,296 - INFO - COMMIT
2026-05-09 01:06:08,090 - INFO - SELECT DATABASE()
2026-05-09 01:06:08,090 - INFO - [raw sql] {}
2026-05-09 01:06:08,091 - INFO - SELECT @@sql_mode
2026-05-09 01:06:08,091 - INFO - [raw sql] {}
2026-05-09 01:06:08,092 - INFO - SELECT @@lower_case_table_names
2026-05-09 01:06:08,092 - INFO - [raw sql] {}
2026-05-09 01:06:08,092 - INFO - BEGIN (implicit)
2026-05-09 01:06:08,093 - INFO - DESCRIBE `blog_system_db`.`users`
2026-05-09 01:06:08,093 - INFO - [raw sql] {}
2026-05-09 01:06:08,106 - INFO - DESCRIBE `blog_system_db`.`posts`
2026-05-09 01:06:08,106 - INFO - [raw sql] {}
2026-05-09 01:06:08,110 - INFO - DESCRIBE `blog_system_db`.`comments`
2026-05-09 01:06:08,111 - INFO - [raw sql] {}
2026-05-09 01:06:08,114 - INFO - COMMIT
2026-05-09 01:06:10,793 - INFO - SELECT DATABASE()
2026-05-09 01:06:10,794 - INFO - [raw sql] {}
2026-05-09 01:06:10,794 - INFO - SELECT @@sql_mode
2026-05-09 01:06:10,795 - INFO - [raw sql] {}
2026-05-09 01:06:10,795 - INFO - SELECT @@lower_case_table_names
2026-05-09 01:06:10,796 - INFO - [raw sql] {}
2026-05-09 01:06:10,796 - INFO - BEGIN (implicit)
2026-05-09 01:06:10,796 - INFO - DESCRIBE `blog_system_db`.`users`
2026-05-09 01:06:10,797 - INFO - [raw sql] {}
2026-05-09 01:06:10,811 - INFO - DESCRIBE `blog_system_db`.`posts`
2026-05-09 01:06:10,811 - INFO - [raw sql] {}
2026-05-09 01:06:10,815 - INFO - DESCRIBE `blog_system_db`.`comments`
2026-05-09 01:06:10,815 - INFO - [raw sql] {}
2026-05-09 01:06:10,820 - INFO - COMMIT
2026-05-09 01:06:17,565 - INFO - SELECT DATABASE()
2026-05-09 01:06:17,565 - INFO - [raw sql] {}
2026-05-09 01:06:17,566 - INFO - SELECT @@sql_mode
2026-05-09 01:06:17,566 - INFO - [raw sql] {}
2026-05-09 01:06:17,567 - INFO - SELECT @@lower_case_table_names
2026-05-09 01:06:17,567 - INFO - [raw sql] {}
2026-05-09 01:06:17,567 - INFO - BEGIN (implicit)
2026-05-09 01:06:17,568 - INFO - DESCRIBE `blog_system_db`.`users`
2026-05-09 01:06:17,568 - INFO - [raw sql] {}
2026-05-09 01:06:17,582 - INFO - DESCRIBE `blog_system_db`.`posts`
2026-05-09 01:06:17,582 - INFO - [raw sql] {}
2026-05-09 01:06:17,585 - INFO - DESCRIBE `blog_system_db`.`comments`
2026-05-09 01:06:17,586 - INFO - [raw sql] {}
2026-05-09 01:06:17,589 - INFO - COMMIT
2026-05-09 01:06:19,234 - INFO - SELECT DATABASE()
2026-05-09 01:06:19,235 - INFO - [raw sql] {}
2026-05-09 01:06:19,235 - INFO - SELECT @@sql_mode
2026-05-09 01:06:19,236 - INFO - [raw sql] {}
2026-05-09 01:06:19,236 - INFO - SELECT @@lower_case_table_names
2026-05-09 01:06:19,236 - INFO - [raw sql] {}
2026-05-09 01:06:19,237 - INFO - BEGIN (implicit)
2026-05-09 01:06:19,237 - INFO - DESCRIBE `blog_system_db`.`users`
2026-05-09 01:06:19,237 - INFO - [raw sql] {}
2026-05-09 01:06:19,247 - INFO - DESCRIBE `blog_system_db`.`posts`
2026-05-09 01:06:19,247 - INFO - [raw sql] {}
2026-05-09 01:06:19,252 - INFO - DESCRIBE `blog_system_db`.`comments`
2026-05-09 01:06:19,252 - INFO - [raw sql] {}
2026-05-09 01:06:19,256 - INFO - COMMIT
2026-05-09 01:06:31,641 - INFO - SELECT DATABASE()
2026-05-09 01:06:31,642 - INFO - [raw sql] {}
2026-05-09 01:06:31,644 - INFO - SELECT @@sql_mode
2026-05-09 01:06:31,644 - INFO - [raw sql] {}
2026-05-09 01:06:31,644 - INFO - SELECT @@lower_case_table_names
2026-05-09 01:06:31,645 - INFO - [raw sql] {}
2026-05-09 01:06:31,646 - INFO - BEGIN (implicit)
2026-05-09 01:06:31,646 - INFO - DESCRIBE `blog_system_db`.`users`
2026-05-09 01:06:31,646 - INFO - [raw sql] {}
2026-05-09 01:06:31,662 - INFO - DESCRIBE `blog_system_db`.`posts`
2026-05-09 01:06:31,662 - INFO - [raw sql] {}
2026-05-09 01:06:31,667 - INFO - DESCRIBE `blog_system_db`.`comments`
2026-05-09 01:06:31,667 - INFO - [raw sql] {}
2026-05-09 01:06:31,672 - INFO - COMMIT
2026-05-09 01:07:04,977 - INFO - SELECT DATABASE()
2026-05-09 01:07:04,978 - INFO - [raw sql] {}
2026-05-09 01:07:04,979 - INFO - SELECT @@sql_mode
2026-05-09 01:07:04,979 - INFO - [raw sql] {}
2026-05-09 01:07:04,980 - INFO - SELECT @@lower_case_table_names
2026-05-09 01:07:04,980 - INFO - [raw sql] {}
2026-05-09 01:07:04,981 - INFO - BEGIN (implicit)
2026-05-09 01:07:04,981 - INFO - DESCRIBE `blog_system_db`.`users`
2026-05-09 01:07:04,981 - INFO - [raw sql] {}
2026-05-09 01:07:04,990 - INFO - DESCRIBE `blog_system_db`.`posts`
2026-05-09 01:07:04,991 - INFO - [raw sql] {}
2026-05-09 01:07:04,994 - INFO - DESCRIBE `blog_system_db`.`comments`
2026-05-09 01:07:04,994 - INFO - [raw sql] {}
2026-05-09 01:07:04,997 - INFO - COMMIT
2026-05-09 01:07:07,481 - INFO - SELECT DATABASE()
2026-05-09 01:07:07,481 - INFO - [raw sql] {}
2026-05-09 01:07:07,482 - INFO - SELECT @@sql_mode
2026-05-09 01:07:07,482 - INFO - [raw sql] {}
2026-05-09 01:07:07,483 - INFO - SELECT @@lower_case_table_names
2026-05-09 01:07:07,483 - INFO - [raw sql] {}
2026-05-09 01:07:07,483 - INFO - BEGIN (implicit)
2026-05-09 01:07:07,484 - INFO - DESCRIBE `blog_system_db`.`users`
2026-05-09 01:07:07,484 - INFO - [raw sql] {}
2026-05-09 01:07:07,499 - INFO - DESCRIBE `blog_system_db`.`posts`
2026-05-09 01:07:07,499 - INFO - [raw sql] {}
2026-05-09 01:07:07,502 - INFO - DESCRIBE `blog_system_db`.`comments`
2026-05-09 01:07:07,502 - INFO - [raw sql] {}
2026-05-09 01:07:07,505 - INFO - COMMIT
2026-05-09 01:07:50,444 - INFO - SELECT DATABASE()
2026-05-09 01:07:50,447 - INFO - [raw sql] {}
2026-05-09 01:07:50,449 - INFO - SELECT @@sql_mode
2026-05-09 01:07:50,449 - INFO - [raw sql] {}
2026-05-09 01:07:50,449 - INFO - SELECT @@lower_case_table_names
2026-05-09 01:07:50,451 - INFO - [raw sql] {}
2026-05-09 01:07:50,452 - INFO - BEGIN (implicit)
2026-05-09 01:07:50,452 - INFO - DESCRIBE `blog_system_db`.`users`
2026-05-09 01:07:50,452 - INFO - [raw sql] {}
2026-05-09 01:07:50,462 - INFO - DESCRIBE `blog_system_db`.`posts`
2026-05-09 01:07:50,463 - INFO - [raw sql] {}
2026-05-09 01:07:50,466 - INFO - DESCRIBE `blog_system_db`.`comments`
2026-05-09 01:07:50,466 - INFO - [raw sql] {}
2026-05-09 01:07:50,470 - INFO - COMMIT
2026-05-09 01:08:01,907 - INFO - SELECT DATABASE()
2026-05-09 01:08:01,907 - INFO - [raw sql] {}
2026-05-09 01:08:01,908 - INFO - SELECT @@sql_mode
2026-05-09 01:08:01,909 - INFO - [raw sql] {}
2026-05-09 01:08:01,910 - INFO - SELECT @@lower_case_table_names
2026-05-09 01:08:01,910 - INFO - [raw sql] {}
2026-05-09 01:08:01,911 - INFO - BEGIN (implicit)
2026-05-09 01:08:01,911 - INFO - DESCRIBE `blog_system_db`.`users`
2026-05-09 01:08:01,911 - INFO - [raw sql] {}
2026-05-09 01:08:01,922 - INFO - DESCRIBE `blog_system_db`.`posts`
2026-05-09 01:08:01,923 - INFO - [raw sql] {}
2026-05-09 01:08:01,926 - INFO - DESCRIBE `blog_system_db`.`comments`
2026-05-09 01:08:01,926 - INFO - [raw sql] {}
2026-05-09 01:08:01,931 - INFO - COMMIT
2026-05-09 01:08:23,868 - INFO - SELECT DATABASE()
2026-05-09 01:08:23,869 - INFO - [raw sql] {}
2026-05-09 01:08:23,869 - INFO - SELECT @@sql_mode
2026-05-09 01:08:23,869 - INFO - [raw sql] {}
2026-05-09 01:08:23,870 - INFO - SELECT @@lower_case_table_names
2026-05-09 01:08:23,870 - INFO - [raw sql] {}
2026-05-09 01:08:23,871 - INFO - BEGIN (implicit)
2026-05-09 01:08:23,871 - INFO - DESCRIBE `blog_system_db`.`users`
2026-05-09 01:08:23,871 - INFO - [raw sql] {}
2026-05-09 01:08:23,884 - INFO - DESCRIBE `blog_system_db`.`posts`
2026-05-09 01:08:23,884 - INFO - [raw sql] {}
2026-05-09 01:08:23,887 - INFO - DESCRIBE `blog_system_db`.`comments`
2026-05-09 01:08:23,888 - INFO - [raw sql] {}
2026-05-09 01:08:23,892 - INFO - COMMIT
2026-05-09 01:08:28,979 - INFO - SELECT DATABASE()
2026-05-09 01:08:28,979 - INFO - [raw sql] {}
2026-05-09 01:08:28,980 - INFO - SELECT @@sql_mode
2026-05-09 01:08:28,980 - INFO - [raw sql] {}
2026-05-09 01:08:28,980 - INFO - SELECT @@lower_case_table_names
2026-05-09 01:08:28,981 - INFO - [raw sql] {}
2026-05-09 01:08:28,981 - INFO - BEGIN (implicit)
2026-05-09 01:08:28,982 - INFO - DESCRIBE `blog_system_db`.`users`
2026-05-09 01:08:28,982 - INFO - [raw sql] {}
2026-05-09 01:08:28,997 - INFO - DESCRIBE `blog_system_db`.`posts`
2026-05-09 01:08:28,997 - INFO - [raw sql] {}
2026-05-09 01:08:29,000 - INFO - DESCRIBE `blog_system_db`.`comments`
2026-05-09 01:08:29,001 - INFO - [raw sql] {}
2026-05-09 01:08:29,010 - INFO - COMMIT
2026-05-09 01:08:39,530 - INFO - SELECT DATABASE()
2026-05-09 01:08:39,531 - INFO - [raw sql] {}
2026-05-09 01:08:39,532 - INFO - SELECT @@sql_mode
2026-05-09 01:08:39,532 - INFO - [raw sql] {}
2026-05-09 01:08:39,533 - INFO - SELECT @@lower_case_table_names
2026-05-09 01:08:39,533 - INFO - [raw sql] {}
2026-05-09 01:08:39,533 - INFO - BEGIN (implicit)
2026-05-09 01:08:39,534 - INFO - DESCRIBE `blog_system_db`.`users`
2026-05-09 01:08:39,534 - INFO - [raw sql] {}
2026-05-09 01:08:39,543 - INFO - DESCRIBE `blog_system_db`.`posts`
2026-05-09 01:08:39,544 - INFO - [raw sql] {}
2026-05-09 01:08:39,547 - INFO - DESCRIBE `blog_system_db`.`comments`
2026-05-09 01:08:39,548 - INFO - [raw sql] {}
2026-05-09 01:08:39,551 - INFO - COMMIT
2026-05-09 01:08:46,360 - INFO - SELECT DATABASE()
2026-05-09 01:08:46,360 - INFO - [raw sql] {}
2026-05-09 01:08:46,361 - INFO - SELECT @@sql_mode
2026-05-09 01:08:46,361 - INFO - [raw sql] {}
2026-05-09 01:08:46,361 - INFO - SELECT @@lower_case_table_names
2026-05-09 01:08:46,362 - INFO - [raw sql] {}
2026-05-09 01:08:46,362 - INFO - BEGIN (implicit)
2026-05-09 01:08:46,363 - INFO - DESCRIBE `blog_system_db`.`users`
2026-05-09 01:08:46,363 - INFO - [raw sql] {}
2026-05-09 01:08:46,371 - INFO - DESCRIBE `blog_system_db`.`posts`
2026-05-09 01:08:46,371 - INFO - [raw sql] {}
2026-05-09 01:08:46,375 - INFO - DESCRIBE `blog_system_db`.`comments`
2026-05-09 01:08:46,376 - INFO - [raw sql] {}
2026-05-09 01:08:46,379 - INFO - COMMIT
2026-05-09 01:08:49,809 - INFO - SELECT DATABASE()
2026-05-09 01:08:49,810 - INFO - [raw sql] {}
2026-05-09 01:08:49,811 - INFO - SELECT @@sql_mode
2026-05-09 01:08:49,811 - INFO - [raw sql] {}
2026-05-09 01:08:49,811 - INFO - SELECT @@lower_case_table_names
2026-05-09 01:08:49,811 - INFO - [raw sql] {}
2026-05-09 01:08:49,812 - INFO - BEGIN (implicit)
2026-05-09 01:08:49,812 - INFO - DESCRIBE `blog_system_db`.`users`
2026-05-09 01:08:49,812 - INFO - [raw sql] {}
2026-05-09 01:08:49,820 - INFO - DESCRIBE `blog_system_db`.`posts`
2026-05-09 01:08:49,820 - INFO - [raw sql] {}
2026-05-09 01:08:49,824 - INFO - DESCRIBE `blog_system_db`.`comments`
2026-05-09 01:08:49,824 - INFO - [raw sql] {}
2026-05-09 01:08:49,827 - INFO - COMMIT
2026-05-09 01:12:24,978 - INFO - SELECT DATABASE()
2026-05-09 01:12:24,982 - INFO - [raw sql] {}
2026-05-09 01:12:24,983 - INFO - SELECT @@sql_mode
2026-05-09 01:12:24,983 - INFO - [raw sql] {}
2026-05-09 01:12:24,983 - INFO - SELECT @@lower_case_table_names
2026-05-09 01:12:24,984 - INFO - [raw sql] {}
2026-05-09 01:12:24,984 - INFO - BEGIN (implicit)
2026-05-09 01:12:24,985 - INFO - DESCRIBE `blog_system_db`.`users`
2026-05-09 01:12:24,985 - INFO - [raw sql] {}
2026-05-09 01:12:24,998 - INFO - DESCRIBE `blog_system_db`.`posts`
2026-05-09 01:12:24,999 - INFO - [raw sql] {}
2026-05-09 01:12:25,002 - INFO - DESCRIBE `blog_system_db`.`comments`
2026-05-09 01:12:25,003 - INFO - [raw sql] {}
2026-05-09 01:12:25,012 - INFO - COMMIT
2026-05-09 01:13:10,509 - INFO - SELECT DATABASE()
2026-05-09 01:13:10,510 - INFO - [raw sql] {}
2026-05-09 01:13:10,510 - INFO - SELECT @@sql_mode
2026-05-09 01:13:10,510 - INFO - [raw sql] {}
2026-05-09 01:13:10,511 - INFO - SELECT @@lower_case_table_names
2026-05-09 01:13:10,511 - INFO - [raw sql] {}
2026-05-09 01:13:10,512 - INFO - BEGIN (implicit)
2026-05-09 01:13:10,512 - INFO - DESCRIBE `blog_system_db`.`users`
2026-05-09 01:13:10,512 - INFO - [raw sql] {}
2026-05-09 01:13:10,522 - INFO - DESCRIBE `blog_system_db`.`posts`
2026-05-09 01:13:10,522 - INFO - [raw sql] {}
2026-05-09 01:13:10,525 - INFO - DESCRIBE `blog_system_db`.`comments`
2026-05-09 01:13:10,525 - INFO - [raw sql] {}
2026-05-09 01:13:10,528 - INFO - COMMIT
2026-05-09 01:15:56,131 - INFO - SELECT DATABASE()
2026-05-09 01:15:56,132 - INFO - [raw sql] {}
2026-05-09 01:15:56,133 - INFO - SELECT @@sql_mode
2026-05-09 01:15:56,133 - INFO - [raw sql] {}
2026-05-09 01:15:56,133 - INFO - SELECT @@lower_case_table_names
2026-05-09 01:15:56,134 - INFO - [raw sql] {}
2026-05-09 01:15:56,134 - INFO - BEGIN (implicit)
2026-05-09 01:15:56,135 - INFO - DESCRIBE `blog_system_db`.`users`
2026-05-09 01:15:56,135 - INFO - [raw sql] {}
2026-05-09 01:15:56,150 - INFO - DESCRIBE `blog_system_db`.`posts`
2026-05-09 01:15:56,150 - INFO - [raw sql] {}
2026-05-09 01:15:56,154 - INFO - DESCRIBE `blog_system_db`.`comments`
2026-05-09 01:15:56,154 - INFO - [raw sql] {}
2026-05-09 01:15:56,158 - INFO - COMMIT
2026-05-09 01:16:25,451 - INFO - SELECT DATABASE()
2026-05-09 01:16:25,452 - INFO - [raw sql] {}
2026-05-09 01:16:25,453 - INFO - SELECT @@sql_mode
2026-05-09 01:16:25,453 - INFO - [raw sql] {}
2026-05-09 01:16:25,453 - INFO - SELECT @@lower_case_table_names
2026-05-09 01:16:25,454 - INFO - [raw sql] {}
2026-05-09 01:16:25,454 - INFO - BEGIN (implicit)
2026-05-09 01:16:25,455 - INFO - DESCRIBE `blog_system_db`.`users`
2026-05-09 01:16:25,455 - INFO - [raw sql] {}
2026-05-09 01:16:25,469 - INFO - DESCRIBE `blog_system_db`.`posts`
2026-05-09 01:16:25,469 - INFO - [raw sql] {}
2026-05-09 01:16:25,474 - INFO - DESCRIBE `blog_system_db`.`comments`
2026-05-09 01:16:25,475 - INFO - [raw sql] {}
2026-05-09 01:16:25,478 - INFO - COMMIT
2026-05-09 01:16:28,888 - INFO - SELECT DATABASE()
2026-05-09 01:16:28,888 - INFO - [raw sql] {}
2026-05-09 01:16:28,889 - INFO - SELECT @@sql_mode
2026-05-09 01:16:28,889 - INFO - [raw sql] {}
2026-05-09 01:16:28,889 - INFO - SELECT @@lower_case_table_names
2026-05-09 01:16:28,890 - INFO - [raw sql] {}
2026-05-09 01:16:28,890 - INFO - BEGIN (implicit)
2026-05-09 01:16:28,891 - INFO - DESCRIBE `blog_system_db`.`users`
2026-05-09 01:16:28,891 - INFO - [raw sql] {}
2026-05-09 01:16:28,899 - INFO - DESCRIBE `blog_system_db`.`posts`
2026-05-09 01:16:28,900 - INFO - [raw sql] {}
2026-05-09 01:16:28,904 - INFO - DESCRIBE `blog_system_db`.`comments`
2026-05-09 01:16:28,904 - INFO - [raw sql] {}
2026-05-09 01:16:28,907 - INFO - COMMIT
2026-05-09 01:16:58,060 - INFO - SELECT DATABASE()
2026-05-09 01:16:58,060 - INFO - [raw sql] {}
2026-05-09 01:16:58,061 - INFO - SELECT @@sql_mode
2026-05-09 01:16:58,062 - INFO - [raw sql] {}
2026-05-09 01:16:58,062 - INFO - SELECT @@lower_case_table_names
2026-05-09 01:16:58,062 - INFO - [raw sql] {}
2026-05-09 01:16:58,063 - INFO - BEGIN (implicit)
2026-05-09 01:16:58,063 - INFO - DESCRIBE `blog_system_db`.`users`
2026-05-09 01:16:58,063 - INFO - [raw sql] {}
2026-05-09 01:16:58,072 - INFO - DESCRIBE `blog_system_db`.`posts`
2026-05-09 01:16:58,073 - INFO - [raw sql] {}
2026-05-09 01:16:58,077 - INFO - DESCRIBE `blog_system_db`.`comments`
2026-05-09 01:16:58,078 - INFO - [raw sql] {}
2026-05-09 01:16:58,082 - INFO - COMMIT
2026-05-09 01:17:01,472 - INFO - SELECT DATABASE()
2026-05-09 01:17:01,473 - INFO - [raw sql] {}
2026-05-09 01:17:01,474 - INFO - SELECT @@sql_mode
2026-05-09 01:17:01,474 - INFO - [raw sql] {}
2026-05-09 01:17:01,474 - INFO - SELECT @@lower_case_table_names
2026-05-09 01:17:01,475 - INFO - [raw sql] {}
2026-05-09 01:17:01,475 - INFO - BEGIN (implicit)
2026-05-09 01:17:01,476 - INFO - DESCRIBE `blog_system_db`.`users`
2026-05-09 01:17:01,476 - INFO - [raw sql] {}
2026-05-09 01:17:01,489 - INFO - DESCRIBE `blog_system_db`.`posts`
2026-05-09 01:17:01,490 - INFO - [raw sql] {}
2026-05-09 01:17:01,493 - INFO - DESCRIBE `blog_system_db`.`comments`
2026-05-09 01:17:01,494 - INFO - [raw sql] {}
2026-05-09 01:17:01,497 - INFO - COMMIT
2026-05-09 01:19:57,826 - INFO - SELECT DATABASE()
2026-05-09 01:19:57,827 - INFO - [raw sql] {}
2026-05-09 01:19:57,828 - INFO - SELECT @@sql_mode
2026-05-09 01:19:57,828 - INFO - [raw sql] {}
2026-05-09 01:19:57,829 - INFO - SELECT @@lower_case_table_names
2026-05-09 01:19:57,829 - INFO - [raw sql] {}
2026-05-09 01:19:57,830 - INFO - BEGIN (implicit)
2026-05-09 01:19:57,830 - INFO - DESCRIBE `blog_system_db`.`users`
2026-05-09 01:19:57,830 - INFO - [raw sql] {}
2026-05-09 01:19:57,845 - INFO - DESCRIBE `blog_system_db`.`posts`
2026-05-09 01:19:57,845 - INFO - [raw sql] {}
2026-05-09 01:19:57,849 - INFO - DESCRIBE `blog_system_db`.`comments`
2026-05-09 01:19:57,849 - INFO - [raw sql] {}
2026-05-09 01:19:57,852 - INFO - COMMIT
2026-05-09 01:20:06,451 - INFO - SELECT DATABASE()
2026-05-09 01:20:06,451 - INFO - [raw sql] {}
2026-05-09 01:20:06,452 - INFO - SELECT @@sql_mode
2026-05-09 01:20:06,452 - INFO - [raw sql] {}
2026-05-09 01:20:06,453 - INFO - SELECT @@lower_case_table_names
2026-05-09 01:20:06,453 - INFO - [raw sql] {}
2026-05-09 01:20:06,454 - INFO - BEGIN (implicit)
2026-05-09 01:20:06,454 - INFO - DESCRIBE `blog_system_db`.`users`
2026-05-09 01:20:06,454 - INFO - [raw sql] {}
2026-05-09 01:20:06,468 - INFO - DESCRIBE `blog_system_db`.`posts`
2026-05-09 01:20:06,469 - INFO - [raw sql] {}
2026-05-09 01:20:06,472 - INFO - DESCRIBE `blog_system_db`.`comments`
2026-05-09 01:20:06,472 - INFO - [raw sql] {}
2026-05-09 01:20:06,476 - INFO - COMMIT
2026-05-09 01:21:25,898 - INFO - SELECT DATABASE()
2026-05-09 01:21:25,898 - INFO - [raw sql] {}
2026-05-09 01:21:25,899 - INFO - SELECT @@sql_mode
2026-05-09 01:21:25,899 - INFO - [raw sql] {}
2026-05-09 01:21:25,901 - INFO - SELECT @@lower_case_table_names
2026-05-09 01:21:25,901 - INFO - [raw sql] {}
2026-05-09 01:21:25,901 - INFO - BEGIN (implicit)
2026-05-09 01:21:25,902 - INFO - DESCRIBE `blog_system_db`.`users`
2026-05-09 01:21:25,902 - INFO - [raw sql] {}
2026-05-09 01:21:25,914 - INFO - DESCRIBE `blog_system_db`.`posts`
2026-05-09 01:21:25,914 - INFO - [raw sql] {}
2026-05-09 01:21:25,918 - INFO - DESCRIBE `blog_system_db`.`comments`
2026-05-09 01:21:25,918 - INFO - [raw sql] {}
2026-05-09 01:21:25,921 - INFO - COMMIT
2026-05-09 01:22:13,059 - INFO - SELECT DATABASE()
2026-05-09 01:22:13,059 - INFO - [raw sql] {}
2026-05-09 01:22:13,060 - INFO - SELECT @@sql_mode
2026-05-09 01:22:13,060 - INFO - [raw sql] {}
2026-05-09 01:22:13,061 - INFO - SELECT @@lower_case_table_names
2026-05-09 01:22:13,061 - INFO - [raw sql] {}
2026-05-09 01:22:13,062 - INFO - BEGIN (implicit)
2026-05-09 01:22:13,062 - INFO - DESCRIBE `blog_system_db`.`users`
2026-05-09 01:22:13,062 - INFO - [raw sql] {}
2026-05-09 01:22:13,078 - INFO - DESCRIBE `blog_system_db`.`posts`
2026-05-09 01:22:13,078 - INFO - [raw sql] {}
2026-05-09 01:22:13,082 - INFO - DESCRIBE `blog_system_db`.`comments`
2026-05-09 01:22:13,082 - INFO - [raw sql] {}
2026-05-09 01:22:13,085 - INFO - COMMIT
2026-05-09 01:22:36,888 - INFO - SELECT DATABASE()
2026-05-09 01:22:36,888 - INFO - [raw sql] {}
2026-05-09 01:22:36,889 - INFO - SELECT @@sql_mode
2026-05-09 01:22:36,889 - INFO - [raw sql] {}
2026-05-09 01:22:36,890 - INFO - SELECT @@lower_case_table_names
2026-05-09 01:22:36,890 - INFO - [raw sql] {}
2026-05-09 01:22:36,890 - INFO - BEGIN (implicit)
2026-05-09 01:22:36,892 - INFO - DESCRIBE `blog_system_db`.`users`
2026-05-09 01:22:36,892 - INFO - [raw sql] {}
2026-05-09 01:22:36,906 - INFO - DESCRIBE `blog_system_db`.`posts`
2026-05-09 01:22:36,906 - INFO - [raw sql] {}
2026-05-09 01:22:36,909 - INFO - DESCRIBE `blog_system_db`.`comments`
2026-05-09 01:22:36,910 - INFO - [raw sql] {}
2026-05-09 01:22:36,913 - INFO - COMMIT
2026-05-09 01:23:02,313 - INFO - SELECT DATABASE()
2026-05-09 01:23:02,313 - INFO - [raw sql] {}
2026-05-09 01:23:02,314 - INFO - SELECT @@sql_mode
2026-05-09 01:23:02,314 - INFO - [raw sql] {}
2026-05-09 01:23:02,314 - INFO - SELECT @@lower_case_table_names
2026-05-09 01:23:02,315 - INFO - [raw sql] {}
2026-05-09 01:23:02,316 - INFO - BEGIN (implicit)
2026-05-09 01:23:02,316 - INFO - DESCRIBE `blog_system_db`.`users`
2026-05-09 01:23:02,316 - INFO - [raw sql] {}
2026-05-09 01:23:02,330 - INFO - DESCRIBE `blog_system_db`.`posts`
2026-05-09 01:23:02,330 - INFO - [raw sql] {}
2026-05-09 01:23:02,334 - INFO - DESCRIBE `blog_system_db`.`comments`
2026-05-09 01:23:02,334 - INFO - [raw sql] {}
2026-05-09 01:23:02,338 - INFO - COMMIT
2026-05-09 01:23:04,830 - INFO - SELECT DATABASE()
2026-05-09 01:23:04,831 - INFO - [raw sql] {}
2026-05-09 01:23:04,831 - INFO - SELECT @@sql_mode
2026-05-09 01:23:04,832 - INFO - [raw sql] {}
2026-05-09 01:23:04,832 - INFO - SELECT @@lower_case_table_names
2026-05-09 01:23:04,833 - INFO - [raw sql] {}
2026-05-09 01:23:04,833 - INFO - BEGIN (implicit)
2026-05-09 01:23:04,834 - INFO - DESCRIBE `blog_system_db`.`users`
2026-05-09 01:23:04,834 - INFO - [raw sql] {}
2026-05-09 01:23:04,843 - INFO - DESCRIBE `blog_system_db`.`posts`
2026-05-09 01:23:04,843 - INFO - [raw sql] {}
2026-05-09 01:23:04,847 - INFO - DESCRIBE `blog_system_db`.`comments`
2026-05-09 01:23:04,847 - INFO - [raw sql] {}
2026-05-09 01:23:04,851 - INFO - COMMIT
2026-05-09 01:23:06,488 - INFO - SELECT DATABASE()
2026-05-09 01:23:06,488 - INFO - [raw sql] {}
2026-05-09 01:23:06,489 - INFO - SELECT @@sql_mode
2026-05-09 01:23:06,489 - INFO - [raw sql] {}
2026-05-09 01:23:06,489 - INFO - SELECT @@lower_case_table_names
2026-05-09 01:23:06,489 - INFO - [raw sql] {}
2026-05-09 01:23:06,490 - INFO - BEGIN (implicit)
2026-05-09 01:23:06,491 - INFO - DESCRIBE `blog_system_db`.`users`
2026-05-09 01:23:06,491 - INFO - [raw sql] {}
2026-05-09 01:23:06,500 - INFO - DESCRIBE `blog_system_db`.`posts`
2026-05-09 01:23:06,500 - INFO - [raw sql] {}
2026-05-09 01:23:06,504 - INFO - DESCRIBE `blog_system_db`.`comments`
2026-05-09 01:23:06,505 - INFO - [raw sql] {}
2026-05-09 01:23:06,508 - INFO - COMMIT
2026-05-09 01:23:14,741 - INFO - SELECT DATABASE()
2026-05-09 01:23:14,741 - INFO - [raw sql] {}
2026-05-09 01:23:14,742 - INFO - SELECT @@sql_mode
2026-05-09 01:23:14,742 - INFO - [raw sql] {}
2026-05-09 01:23:14,742 - INFO - SELECT @@lower_case_table_names
2026-05-09 01:23:14,742 - INFO - [raw sql] {}
2026-05-09 01:23:14,743 - INFO - BEGIN (implicit)
2026-05-09 01:23:14,744 - INFO - DESCRIBE `blog_system_db`.`users`
2026-05-09 01:23:14,744 - INFO - [raw sql] {}
2026-05-09 01:23:14,754 - INFO - DESCRIBE `blog_system_db`.`posts`
2026-05-09 01:23:14,755 - INFO - [raw sql] {}
2026-05-09 01:23:14,758 - INFO - DESCRIBE `blog_system_db`.`comments`
2026-05-09 01:23:14,759 - INFO - [raw sql] {}
2026-05-09 01:23:14,763 - INFO - COMMIT
2026-05-09 01:23:16,487 - INFO - SELECT DATABASE()
2026-05-09 01:23:16,488 - INFO - [raw sql] {}
2026-05-09 01:23:16,488 - INFO - SELECT @@sql_mode
2026-05-09 01:23:16,489 - INFO - [raw sql] {}
2026-05-09 01:23:16,489 - INFO - SELECT @@lower_case_table_names
2026-05-09 01:23:16,490 - INFO - [raw sql] {}
2026-05-09 01:23:16,490 - INFO - BEGIN (implicit)
2026-05-09 01:23:16,490 - INFO - DESCRIBE `blog_system_db`.`users`
2026-05-09 01:23:16,490 - INFO - [raw sql] {}
2026-05-09 01:23:16,504 - INFO - DESCRIBE `blog_system_db`.`posts`
2026-05-09 01:23:16,504 - INFO - [raw sql] {}
2026-05-09 01:23:16,507 - INFO - DESCRIBE `blog_system_db`.`comments`
2026-05-09 01:23:16,508 - INFO - [raw sql] {}
2026-05-09 01:23:16,510 - INFO - COMMIT
2026-05-09 01:30:45,395 - INFO - SELECT DATABASE()
2026-05-09 01:30:45,396 - INFO - [raw sql] {}
2026-05-09 01:30:45,396 - INFO - SELECT @@sql_mode
2026-05-09 01:30:45,397 - INFO - [raw sql] {}
2026-05-09 01:30:45,397 - INFO - SELECT @@lower_case_table_names
2026-05-09 01:30:45,397 - INFO - [raw sql] {}
2026-05-09 01:30:45,397 - INFO - BEGIN (implicit)
2026-05-09 01:30:45,398 - INFO - DESCRIBE `blog_system_db`.`users`
2026-05-09 01:30:45,398 - INFO - [raw sql] {}
2026-05-09 01:30:45,412 - INFO - DESCRIBE `blog_system_db`.`posts`
2026-05-09 01:30:45,412 - INFO - [raw sql] {}
2026-05-09 01:30:45,416 - INFO - DESCRIBE `blog_system_db`.`comments`
2026-05-09 01:30:45,417 - INFO - [raw sql] {}
2026-05-09 01:30:45,421 - INFO - COMMIT
2026-05-09 01:30:49,689 - INFO - SELECT DATABASE()
2026-05-09 01:30:49,689 - INFO - [raw sql] {}
2026-05-09 01:30:49,690 - INFO - SELECT @@sql_mode
2026-05-09 01:30:49,690 - INFO - [raw sql] {}
2026-05-09 01:30:49,690 - INFO - SELECT @@lower_case_table_names
2026-05-09 01:30:49,691 - INFO - [raw sql] {}
2026-05-09 01:30:49,691 - INFO - BEGIN (implicit)
2026-05-09 01:30:49,691 - INFO - DESCRIBE `blog_system_db`.`users`
2026-05-09 01:30:49,691 - INFO - [raw sql] {}
2026-05-09 01:30:49,706 - INFO - DESCRIBE `blog_system_db`.`posts`
2026-05-09 01:30:49,706 - INFO - [raw sql] {}
2026-05-09 01:30:49,710 - INFO - DESCRIBE `blog_system_db`.`comments`
2026-05-09 01:30:49,710 - INFO - [raw sql] {}
2026-05-09 01:30:49,713 - INFO - COMMIT
2026-05-09 01:31:15,926 - INFO - SELECT DATABASE()
2026-05-09 01:31:15,926 - INFO - [raw sql] {}
2026-05-09 01:31:15,927 - INFO - SELECT @@sql_mode
2026-05-09 01:31:15,928 - INFO - [raw sql] {}
2026-05-09 01:31:15,929 - INFO - SELECT @@lower_case_table_names
2026-05-09 01:31:15,929 - INFO - [raw sql] {}
2026-05-09 01:31:15,931 - INFO - BEGIN (implicit)
2026-05-09 01:31:15,931 - INFO - DESCRIBE `blog_system_db`.`users`
2026-05-09 01:31:15,931 - INFO - [raw sql] {}
2026-05-09 01:31:15,943 - INFO - DESCRIBE `blog_system_db`.`posts`
2026-05-09 01:31:15,943 - INFO - [raw sql] {}
2026-05-09 01:31:15,947 - INFO - DESCRIBE `blog_system_db`.`comments`
2026-05-09 01:31:15,948 - INFO - [raw sql] {}
2026-05-09 01:31:15,951 - INFO - COMMIT
2026-05-09 01:32:03,810 - INFO - SELECT DATABASE()
2026-05-09 01:32:03,810 - INFO - [raw sql] {}
2026-05-09 01:32:03,812 - INFO - SELECT @@sql_mode
2026-05-09 01:32:03,812 - INFO - [raw sql] {}
2026-05-09 01:32:03,812 - INFO - SELECT @@lower_case_table_names
2026-05-09 01:32:03,813 - INFO - [raw sql] {}
2026-05-09 01:32:03,813 - INFO - BEGIN (implicit)
2026-05-09 01:32:03,814 - INFO - DESCRIBE `blog_system_db`.`users`
2026-05-09 01:32:03,814 - INFO - [raw sql] {}
2026-05-09 01:32:03,822 - INFO - DESCRIBE `blog_system_db`.`posts`
2026-05-09 01:32:03,823 - INFO - [raw sql] {}
2026-05-09 01:32:03,826 - INFO - DESCRIBE `blog_system_db`.`comments`
2026-05-09 01:32:03,827 - INFO - [raw sql] {}
2026-05-09 01:32:03,831 - INFO - COMMIT
2026-05-09 01:34:31,365 - INFO - SELECT DATABASE()
2026-05-09 01:34:31,366 - INFO - [raw sql] {}
2026-05-09 01:34:31,367 - INFO - SELECT @@sql_mode
2026-05-09 01:34:31,367 - INFO - [raw sql] {}
2026-05-09 01:34:31,367 - INFO - SELECT @@lower_case_table_names
2026-05-09 01:34:31,367 - INFO - [raw sql] {}
2026-05-09 01:34:31,368 - INFO - BEGIN (implicit)
2026-05-09 01:34:31,368 - INFO - DESCRIBE `blog_system_db`.`users`
2026-05-09 01:34:31,368 - INFO - [raw sql] {}
2026-05-09 01:34:31,377 - INFO - DESCRIBE `blog_system_db`.`posts`
2026-05-09 01:34:31,377 - INFO - [raw sql] {}
2026-05-09 01:34:31,381 - INFO - DESCRIBE `blog_system_db`.`comments`
2026-05-09 01:34:31,382 - INFO - [raw sql] {}
2026-05-09 01:34:31,384 - INFO - COMMIT
2026-05-09 01:37:55,802 - INFO - SELECT DATABASE()
2026-05-09 01:37:55,803 - INFO - [raw sql] {}
2026-05-09 01:37:55,804 - INFO - SELECT @@sql_mode
2026-05-09 01:37:55,804 - INFO - [raw sql] {}
2026-05-09 01:37:55,805 - INFO - SELECT @@lower_case_table_names
2026-05-09 01:37:55,805 - INFO - [raw sql] {}
2026-05-09 01:37:55,806 - INFO - BEGIN (implicit)
2026-05-09 01:37:55,806 - INFO - DESCRIBE `blog_system_db`.`users`
2026-05-09 01:37:55,806 - INFO - [raw sql] {}
2026-05-09 01:37:55,815 - INFO - DESCRIBE `blog_system_db`.`posts`
2026-05-09 01:37:55,815 - INFO - [raw sql] {}
2026-05-09 01:37:55,819 - INFO - DESCRIBE `blog_system_db`.`comments`
2026-05-09 01:37:55,819 - INFO - [raw sql] {}
2026-05-09 01:37:55,822 - INFO - COMMIT
